#-----------------------------------------------------------
# Vivado v2025.1 (64-bit)
# SW Build 6140274 on Thu May 22 00:12:29 MDT 2025
# IP Build 6138677 on Thu May 22 03:10:11 MDT 2025
# SharedData Build 6139179 on Tue May 20 17:58:58 MDT 2025
# Start of session at: Mon Nov 17 01:35:24 2025
# Process ID         : 2232
# Current directory  : C:/Users/oussk/Downloads/ecg_cnn_BACKUP_1/hw/ecg_cnn_nexys_bd_backup/ecg_cnn_bd.runs/synth_1
# Command line       : vivado.exe -log system_bd_wrapper.vds -product Vivado -mode batch -messageDb vivado.pb -notrace -source system_bd_wrapper.tcl
# Log file           : C:/Users/oussk/Downloads/ecg_cnn_BACKUP_1/hw/ecg_cnn_nexys_bd_backup/ecg_cnn_bd.runs/synth_1/system_bd_wrapper.vds
# Journal file       : C:/Users/oussk/Downloads/ecg_cnn_BACKUP_1/hw/ecg_cnn_nexys_bd_backup/ecg_cnn_bd.runs/synth_1\vivado.jou
# Running On         : LAPTOP-JU02PEUM
# Platform           : Windows Server 2016 or Windows 10
# Operating System   : 26200
# Processor Detail   : AMD Ryzen 5 5600H with Radeon Graphics         
# CPU Frequency      : 3294 MHz
# CPU Physical cores : 6
# CPU Logical cores  : 12
# Host memory        : 16541 MB
# Swap memory        : 15569 MB
# Total Virtual      : 32111 MB
# Available Virtual  : 12275 MB
#-----------------------------------------------------------
source system_bd_wrapper.tcl -notrace
