#-----------------------------------------------------------
# Vivado v2025.1 (64-bit)
# SW Build 6140274 on Thu May 22 00:12:29 MDT 2025
# IP Build 6138677 on Thu May 22 03:10:11 MDT 2025
# SharedData Build 6139179 on Tue May 20 17:58:58 MDT 2025
# Start of session at: Tue Nov 18 00:00:47 2025
# Process ID         : 25324
# Current directory  : C:/Users/oussk/AppData/Roaming/Xilinx/Vivado
# Command line       : vivado.exe -gui_launcher_event rodinguilauncherevent19496
# Log file           : C:/Users/oussk/AppData/Roaming/Xilinx/Vivado/vivado.log
# Journal file       : C:/Users/oussk/AppData/Roaming/Xilinx/Vivado\vivado.jou
# Running On         : LAPTOP-JU02PEUM
# Platform           : Windows Server 2016 or Windows 10
# Operating System   : 26200
# Processor Detail   : AMD Ryzen 5 5600H with Radeon Graphics         
# CPU Frequency      : 3294 MHz
# CPU Physical cores : 6
# CPU Logical cores  : 12
# Host memory        : 16541 MB
# Swap memory        : 15569 MB
# Total Virtual      : 32111 MB
# Available Virtual  : 21806 MB
#-----------------------------------------------------------
start_gui
